// Jest Snapshot v1, https://goo.gl/fbAQLP

exports[`components/error_page/ErrorLink should match snapshot 1`] = `
<a
  href="https://docs.mattermost.com/deployment/sso-gitcoin.html"
  rel="noopener noreferrer"
  target="_blank"
>
  <FormattedMessage
    defaultMessage="Gitcoin"
    id="error.oauth_missing_code.gitcoin.link"
    values={Object {}}
  />
</a>
`;
